4=//metadata/idinfo/citation/citeinfo/title
31=//metadata/idinfo/citation/citeinfo/pubdate
62=//metadata/idinfo/descript/abstract
1003=//metadata/idinfo/citation/citeinfo/origin
1005=//metadata/idinfo/citation/citeinfo/origin
1016=/
1018=//metadata/idinfo/citation/citeinfo/pubinfo/publish
1024=//metadata/dataqual/lineage/srcinfo/srcscale
2002=//metadata/idinfo/keywords/theme/themekey
2003=//metadata/idinfo/descript/purpose
2021=//metadata/idinfo/citation/citeinfo/onlink
2024=//metadata/idinfo/ptcontac/cntinfo/cntorgp/cntorg
2036=//metadata/idinfo/keywords/theme/themekt
2038=//metadata/idinfo/spdom/bounding/westbc
2039=//metadata/idinfo/spdom/bounding/eastbc
2040=//metadata/idinfo/spdom/bounding/northbc
2041=//metadata/idinfo/spdom/bounding/southbc
2042=//metadata/idinfo/keywords/place/placekey
2043=//metadata/idinfo/keywords/place/placekt
100=path
2060=bounding
2072=//metadata/idinfo/timeperd/timeinfo/rngdates/begdate
2073=//metadata/idinfo/timeperd/timeinfo/rngdates/enddate
3003=//metadata/idinfo/ptcontac/cntinfo/cntorgp/cntorg
3004=//metadata/idinfo/ptcontac/cntinfo/cntorgp
3104=//metadata/idinfo/descript/purpose
3108=//metadata/idinfo/status/progress
3109=//metadata/idinfo/status/update
3112=//metadata/idinfo/spdom/bounding/westbc
3113=//metadata/idinfo/spdom/bounding/eastbc
3114=//metadata/idinfo/spdom/bounding/northbc
3115=//metadata/idinfo/spdom/bounding/southbc
3116=//metadata/idinfo/spdom/dsgpoly
3117=//metadata/idinfo/spdom/dsgpoly/dsgpolyo
3120=//metadata/idinfo/spdom/dsgpolyx
3122=//metadata/idinfo/keywords/theme
3123=//metadata/idinfo/keywords/theme/themekt
3124=//metadata/idinfo/keywords/theme/themekey
3138=//metadata/idinfo/browse/browsen
3148=extent
3219=//metadata/dataqual/lineage
3301=//metadata/spdoinfo/indspref
3302=//metadata/spdoinfo/direct
3805=//metadata/idinfo/citation/citeinfo/geoform
3807=//metadata/idinfo/citation/citeinfo/edition
3815=//metadata/idinfo/citation/citeinfo/edition
3903=//metadata/dataqual/lineage/srcinfo/srctime/timeinfo/sngdate/caldate
3907=//metadata/idinfo/timeperd/timeinfo/rngdates/begdate
3909=//metadata/idinfo/timeperd/timeinfo/rngdates/enddate
